// Jest Snapshot v1, https://goo.gl/fbAQLP

exports[`App component renders magnificent monkeys 1`] = `
<div>
  <button
    type="button"
  >
    Click Me
  </button>
  <h1>
    Magnificent Monkeys
  </h1>
  <p>
    Check out these cool animals!
  </p>
  <ul>
    <li>
      Elephant
    </li>
    <li>
      Tiger
    </li>
    <li>
      Snake
    </li>
  </ul>
</div>
`;
